[0] "foo, -2, -1"
[1] "foo, -2, 0"
[2] "foo, -2, 0"
[3] "foo, -2, 47"
[4] "foo, -2, 48"
[5] "foo, -2, 49"
[6] "foo, -1, -1"
[7] "foo, -1, 0"
[8] "foo, -1, 0"
[9] "foo, -1, 47"
[10] "foo, -1, 48"
[11] "foo, -1, 49"
[12] "foo, 0, -1"
[13] "foo, 0, 0"
[14] "foo, 0, 0"
[15] "foo, 0, 48"
[16] "foo, 0, 49"
[17] "foo, 0, 50"
[18] "foo, 4, -1"
[19] "foo, 4, 0"
[20] "foo, 4, 0"
[21] "foo, 4, 48"
[22] "foo, 4, 49"
[23] "foo, 4, 50"
[24] "foo, 5, -1"
[25] "foo, 5, 0"
[26] "foo, 5, 0"
[27] "foo, 5, 48"
[28] "foo, 5, 49"
[29] "foo, 5, 50"
[30] "foo, 6, -1"
[31] "foo, 6, 0"
[32] "foo, 6, 0"
[33] "foo, 6, 48"
[34] "foo, 6, 49"
[35] "foo, 6, 50"
[36] "foo, 9, -1"
[37] "foo, 9, 0"
[38] "foo, 9, 0"
[39] "foo, 9, 48"
[40] "foo, 9, 49"
[41] "foo, 9, 50"
[42] "foo, 10, -1"
[43] "foo, 10, 0"
[44] "foo, 10, 0"
[45] "foo, 10, 48"
[46] "foo, 10, 49"
[47] "foo, 10, 50"
[48] "foo, 11, -1"
[49] "foo, 11, 0"
[50] "foo, 11, 0"
[51] "foo, 11, 48"
[52] "foo, 11, 49"
[53] "foo, 11, 50"
[54] "Aged Brie, -2, 1"
[55] "Aged Brie, -2, 2"
[56] "Aged Brie, -2, 3"
[57] "Aged Brie, -2, 50"
[58] "Aged Brie, -2, 50"
[59] "Aged Brie, -2, 51"
[60] "Aged Brie, -1, 1"
[61] "Aged Brie, -1, 2"
[62] "Aged Brie, -1, 3"
[63] "Aged Brie, -1, 50"
[64] "Aged Brie, -1, 50"
[65] "Aged Brie, -1, 51"
[66] "Aged Brie, 0, 0"
[67] "Aged Brie, 0, 1"
[68] "Aged Brie, 0, 2"
[69] "Aged Brie, 0, 50"
[70] "Aged Brie, 0, 50"
[71] "Aged Brie, 0, 51"
[72] "Aged Brie, 4, 0"
[73] "Aged Brie, 4, 1"
[74] "Aged Brie, 4, 2"
[75] "Aged Brie, 4, 50"
[76] "Aged Brie, 4, 50"
[77] "Aged Brie, 4, 51"
[78] "Aged Brie, 5, 0"
[79] "Aged Brie, 5, 1"
[80] "Aged Brie, 5, 2"
[81] "Aged Brie, 5, 50"
[82] "Aged Brie, 5, 50"
[83] "Aged Brie, 5, 51"
[84] "Aged Brie, 6, 0"
[85] "Aged Brie, 6, 1"
[86] "Aged Brie, 6, 2"
[87] "Aged Brie, 6, 50"
[88] "Aged Brie, 6, 50"
[89] "Aged Brie, 6, 51"
[90] "Aged Brie, 9, 0"
[91] "Aged Brie, 9, 1"
[92] "Aged Brie, 9, 2"
[93] "Aged Brie, 9, 50"
[94] "Aged Brie, 9, 50"
[95] "Aged Brie, 9, 51"
[96] "Aged Brie, 10, 0"
[97] "Aged Brie, 10, 1"
[98] "Aged Brie, 10, 2"
[99] "Aged Brie, 10, 50"
[100] "Aged Brie, 10, 50"
[101] "Aged Brie, 10, 51"
[102] "Aged Brie, 11, 0"
[103] "Aged Brie, 11, 1"
[104] "Aged Brie, 11, 2"
[105] "Aged Brie, 11, 50"
[106] "Aged Brie, 11, 50"
[107] "Aged Brie, 11, 51"
[108] "Backstage passes to a TAFKAL80ETC concert, -2, 0"
[109] "Backstage passes to a TAFKAL80ETC concert, -2, 0"
[110] "Backstage passes to a TAFKAL80ETC concert, -2, 0"
[111] "Backstage passes to a TAFKAL80ETC concert, -2, 0"
[112] "Backstage passes to a TAFKAL80ETC concert, -2, 0"
[113] "Backstage passes to a TAFKAL80ETC concert, -2, 0"
[114] "Backstage passes to a TAFKAL80ETC concert, -1, 0"
[115] "Backstage passes to a TAFKAL80ETC concert, -1, 0"
[116] "Backstage passes to a TAFKAL80ETC concert, -1, 0"
[117] "Backstage passes to a TAFKAL80ETC concert, -1, 0"
[118] "Backstage passes to a TAFKAL80ETC concert, -1, 0"
[119] "Backstage passes to a TAFKAL80ETC concert, -1, 0"
[120] "Backstage passes to a TAFKAL80ETC concert, 0, 2"
[121] "Backstage passes to a TAFKAL80ETC concert, 0, 3"
[122] "Backstage passes to a TAFKAL80ETC concert, 0, 4"
[123] "Backstage passes to a TAFKAL80ETC concert, 0, 50"
[124] "Backstage passes to a TAFKAL80ETC concert, 0, 50"
[125] "Backstage passes to a TAFKAL80ETC concert, 0, 51"
[126] "Backstage passes to a TAFKAL80ETC concert, 4, 2"
[127] "Backstage passes to a TAFKAL80ETC concert, 4, 3"
[128] "Backstage passes to a TAFKAL80ETC concert, 4, 4"
[129] "Backstage passes to a TAFKAL80ETC concert, 4, 50"
[130] "Backstage passes to a TAFKAL80ETC concert, 4, 50"
[131] "Backstage passes to a TAFKAL80ETC concert, 4, 51"
[132] "Backstage passes to a TAFKAL80ETC concert, 5, 1"
[133] "Backstage passes to a TAFKAL80ETC concert, 5, 2"
[134] "Backstage passes to a TAFKAL80ETC concert, 5, 3"
[135] "Backstage passes to a TAFKAL80ETC concert, 5, 50"
[136] "Backstage passes to a TAFKAL80ETC concert, 5, 50"
[137] "Backstage passes to a TAFKAL80ETC concert, 5, 51"
[138] "Backstage passes to a TAFKAL80ETC concert, 6, 1"
[139] "Backstage passes to a TAFKAL80ETC concert, 6, 2"
[140] "Backstage passes to a TAFKAL80ETC concert, 6, 3"
[141] "Backstage passes to a TAFKAL80ETC concert, 6, 50"
[142] "Backstage passes to a TAFKAL80ETC concert, 6, 50"
[143] "Backstage passes to a TAFKAL80ETC concert, 6, 51"
[144] "Backstage passes to a TAFKAL80ETC concert, 9, 1"
[145] "Backstage passes to a TAFKAL80ETC concert, 9, 2"
[146] "Backstage passes to a TAFKAL80ETC concert, 9, 3"
[147] "Backstage passes to a TAFKAL80ETC concert, 9, 50"
[148] "Backstage passes to a TAFKAL80ETC concert, 9, 50"
[149] "Backstage passes to a TAFKAL80ETC concert, 9, 51"
[150] "Backstage passes to a TAFKAL80ETC concert, 10, 0"
[151] "Backstage passes to a TAFKAL80ETC concert, 10, 1"
[152] "Backstage passes to a TAFKAL80ETC concert, 10, 2"
[153] "Backstage passes to a TAFKAL80ETC concert, 10, 50"
[154] "Backstage passes to a TAFKAL80ETC concert, 10, 50"
[155] "Backstage passes to a TAFKAL80ETC concert, 10, 51"
[156] "Backstage passes to a TAFKAL80ETC concert, 11, 0"
[157] "Backstage passes to a TAFKAL80ETC concert, 11, 1"
[158] "Backstage passes to a TAFKAL80ETC concert, 11, 2"
[159] "Backstage passes to a TAFKAL80ETC concert, 11, 50"
[160] "Backstage passes to a TAFKAL80ETC concert, 11, 50"
[161] "Backstage passes to a TAFKAL80ETC concert, 11, 51"
[162] "Sulfuras, Hand of Ragnaros, -1, -1"
[163] "Sulfuras, Hand of Ragnaros, -1, 0"
[164] "Sulfuras, Hand of Ragnaros, -1, 1"
[165] "Sulfuras, Hand of Ragnaros, -1, 49"
[166] "Sulfuras, Hand of Ragnaros, -1, 50"
[167] "Sulfuras, Hand of Ragnaros, -1, 51"
[168] "Sulfuras, Hand of Ragnaros, 0, -1"
[169] "Sulfuras, Hand of Ragnaros, 0, 0"
[170] "Sulfuras, Hand of Ragnaros, 0, 1"
[171] "Sulfuras, Hand of Ragnaros, 0, 49"
[172] "Sulfuras, Hand of Ragnaros, 0, 50"
[173] "Sulfuras, Hand of Ragnaros, 0, 51"
[174] "Sulfuras, Hand of Ragnaros, 1, -1"
[175] "Sulfuras, Hand of Ragnaros, 1, 0"
[176] "Sulfuras, Hand of Ragnaros, 1, 1"
[177] "Sulfuras, Hand of Ragnaros, 1, 49"
[178] "Sulfuras, Hand of Ragnaros, 1, 50"
[179] "Sulfuras, Hand of Ragnaros, 1, 51"
[180] "Sulfuras, Hand of Ragnaros, 5, -1"
[181] "Sulfuras, Hand of Ragnaros, 5, 0"
[182] "Sulfuras, Hand of Ragnaros, 5, 1"
[183] "Sulfuras, Hand of Ragnaros, 5, 49"
[184] "Sulfuras, Hand of Ragnaros, 5, 50"
[185] "Sulfuras, Hand of Ragnaros, 5, 51"
[186] "Sulfuras, Hand of Ragnaros, 6, -1"
[187] "Sulfuras, Hand of Ragnaros, 6, 0"
[188] "Sulfuras, Hand of Ragnaros, 6, 1"
[189] "Sulfuras, Hand of Ragnaros, 6, 49"
[190] "Sulfuras, Hand of Ragnaros, 6, 50"
[191] "Sulfuras, Hand of Ragnaros, 6, 51"
[192] "Sulfuras, Hand of Ragnaros, 7, -1"
[193] "Sulfuras, Hand of Ragnaros, 7, 0"
[194] "Sulfuras, Hand of Ragnaros, 7, 1"
[195] "Sulfuras, Hand of Ragnaros, 7, 49"
[196] "Sulfuras, Hand of Ragnaros, 7, 50"
[197] "Sulfuras, Hand of Ragnaros, 7, 51"
[198] "Sulfuras, Hand of Ragnaros, 10, -1"
[199] "Sulfuras, Hand of Ragnaros, 10, 0"
[200] "Sulfuras, Hand of Ragnaros, 10, 1"
[201] "Sulfuras, Hand of Ragnaros, 10, 49"
[202] "Sulfuras, Hand of Ragnaros, 10, 50"
[203] "Sulfuras, Hand of Ragnaros, 10, 51"
[204] "Sulfuras, Hand of Ragnaros, 11, -1"
[205] "Sulfuras, Hand of Ragnaros, 11, 0"
[206] "Sulfuras, Hand of Ragnaros, 11, 1"
[207] "Sulfuras, Hand of Ragnaros, 11, 49"
[208] "Sulfuras, Hand of Ragnaros, 11, 50"
[209] "Sulfuras, Hand of Ragnaros, 11, 51"
[210] "Sulfuras, Hand of Ragnaros, 12, -1"
[211] "Sulfuras, Hand of Ragnaros, 12, 0"
[212] "Sulfuras, Hand of Ragnaros, 12, 1"
[213] "Sulfuras, Hand of Ragnaros, 12, 49"
[214] "Sulfuras, Hand of Ragnaros, 12, 50"
[215] "Sulfuras, Hand of Ragnaros, 12, 51"
